A51 MACRO ASSEMBLER  DACCODE                                                              08/19/2018 02:42:26 PAGE     1


MACRO ASSEMBLER A51 V8.2.7.0
OBJECT MODULE PLACED IN .\Objects\DACcode.obj
ASSEMBLER INVOKED BY: C:\Keil_v5\C51\BIN\A51.EXE DACcode.asm SET(SMALL) DEBUG PRINT(.\Listings\DACcode.lst) OBJECT(.\Obj
                      ects\DACcode.obj) EP

LOC  OBJ            LINE     SOURCE

0000                   1     ORG 0000H
0000 020100            2             LJMP MAIN
0100                   3     ORG 0100H
                       4     
0100 7400              5     MAIN:   MOV A,#00H
0102 F5A0              6                     MOV P2 , A
0104 310D              7                     ACALL DELAY
                       8                      
                       9                     
0106 75A0FF           10                     MOV P2,#0FFH
0109 310D             11                     ACALL DELAY
010B 80F3             12                      SJMP MAIN
                      13                     
010D                  14     DELAY:
                      15                      
010D 7A10             16                 MOV R2 ,#10H
010F 7BFF             17             UP:     MOV R3,#0FFH
0111 DBFE             18             AGN:DJNZ R3,AGN
0113 DAFA             19                     DJNZ R2, UP
                      20                      
0115 22               21                     RET
                      22     END
A51 MACRO ASSEMBLER  DACCODE                                                              08/19/2018 02:42:26 PAGE     2

SYMBOL TABLE LISTING
------ ----- -------


N A M E             T Y P E  V A L U E   ATTRIBUTES

AGN. . . . . . . .  C ADDR   0111H   A   
DELAY. . . . . . .  C ADDR   010DH   A   
MAIN . . . . . . .  C ADDR   0100H   A   
P2 . . . . . . . .  D ADDR   00A0H   A   
UP . . . . . . . .  C ADDR   010FH   A   


REGISTER BANK(S) USED: 0 


ASSEMBLY COMPLETE.  0 WARNING(S), 0 ERROR(S)
